// Jest Snapshot v1, https://goo.gl/fbAQLP

exports[`ESLint node rules should fail 1`] = `
Array [
  Object {
    "column": 14,
    "endColumn": 30,
    "endLine": 2,
    "line": 2,
    "message": "Unexpected require().",
    "messageId": "unexpected",
    "nodeType": "CallExpression",
    "ruleId": "global-require",
    "severity": 2,
  },
  Object {
    "column": 1,
    "endColumn": 14,
    "endLine": 5,
    "line": 5,
    "message": "new Buffer() is deprecated. Use Buffer.from(), Buffer.alloc(), or Buffer.allocUnsafe() instead.",
    "messageId": "deprecated",
    "nodeType": "NewExpression",
    "ruleId": "no-buffer-constructor",
    "severity": 2,
  },
  Object {
    "column": 1,
    "endColumn": 22,
    "endLine": 6,
    "line": 6,
    "message": "new Buffer() is deprecated. Use Buffer.from(), Buffer.alloc(), or Buffer.allocUnsafe() instead.",
    "messageId": "deprecated",
    "nodeType": "NewExpression",
    "ruleId": "no-buffer-constructor",
    "severity": 2,
  },
  Object {
    "column": 1,
    "endColumn": 10,
    "endLine": 7,
    "line": 7,
    "message": "Buffer() is deprecated. Use Buffer.from(), Buffer.alloc(), or Buffer.allocUnsafe() instead.",
    "messageId": "deprecated",
    "nodeType": "CallExpression",
    "ruleId": "no-buffer-constructor",
    "severity": 2,
  },
  Object {
    "column": 1,
    "endColumn": 18,
    "endLine": 8,
    "line": 8,
    "message": "Buffer() is deprecated. Use Buffer.from(), Buffer.alloc(), or Buffer.allocUnsafe() instead.",
    "messageId": "deprecated",
    "nodeType": "CallExpression",
    "ruleId": "no-buffer-constructor",
    "severity": 2,
  },
  Object {
    "column": 1,
    "endColumn": 28,
    "endLine": 9,
    "line": 9,
    "message": "new Buffer() is deprecated. Use Buffer.from(), Buffer.alloc(), or Buffer.allocUnsafe() instead.",
    "messageId": "deprecated",
    "nodeType": "NewExpression",
    "ruleId": "no-buffer-constructor",
    "severity": 2,
  },
  Object {
    "column": 1,
    "endColumn": 28,
    "endLine": 10,
    "line": 10,
    "message": "new Buffer() is deprecated. Use Buffer.from(), Buffer.alloc(), or Buffer.allocUnsafe() instead.",
    "messageId": "deprecated",
    "nodeType": "NewExpression",
    "ruleId": "no-buffer-constructor",
    "severity": 2,
  },
  Object {
    "column": 19,
    "endColumn": 44,
    "endLine": 13,
    "line": 13,
    "message": "Unexpected use of new with require.",
    "messageId": "noNewRequire",
    "nodeType": "NewExpression",
    "ruleId": "no-new-require",
    "severity": 2,
  },
  Object {
    "column": 16,
    "endColumn": 37,
    "endLine": 16,
    "line": 16,
    "message": "Use path.join() or path.resolve() instead of + to create paths.",
    "messageId": "usePathFunctions",
    "nodeType": "BinaryExpression",
    "ruleId": "no-path-concat",
    "severity": 2,
  },
  Object {
    "column": 12,
    "endColumn": 34,
    "endLine": 17,
    "line": 17,
    "message": "Use path.join() or path.resolve() instead of + to create paths.",
    "messageId": "usePathFunctions",
    "nodeType": "BinaryExpression",
    "ruleId": "no-path-concat",
    "severity": 2,
  },
]
`;

exports[`ESLint node rules should pass 1`] = `Array []`;
