// Jest Snapshot v1, https://goo.gl/fbAQLP

exports[`ESLint variables should fail 1`] = `
Array [
  Object {
    "column": 5,
    "endColumn": 10,
    "endLine": 2,
    "line": 2,
    "message": "'label' is assigned a value but never used.",
    "nodeType": "Identifier",
    "ruleId": "no-unused-vars",
    "severity": 2,
  },
  Object {
    "column": 1,
    "endColumn": 14,
    "endLine": 3,
    "line": 3,
    "message": "Found identifier with same name as label.",
    "nodeType": "LabeledStatement",
    "ruleId": "no-label-var",
    "severity": 2,
  },
  Object {
    "column": 1,
    "endColumn": 9,
    "endLine": 9,
    "line": 9,
    "message": "Unexpected use of 'isFinite'.",
    "nodeType": "Identifier",
    "ruleId": "no-restricted-globals",
    "severity": 2,
  },
  Object {
    "column": 1,
    "endColumn": 6,
    "endLine": 10,
    "line": 10,
    "message": "Unexpected use of 'isNaN'.",
    "nodeType": "Identifier",
    "ruleId": "no-restricted-globals",
    "severity": 2,
  },
  Object {
    "column": 5,
    "endColumn": 11,
    "endLine": 14,
    "line": 14,
    "message": "'shadow' is assigned a value but never used.",
    "nodeType": "Identifier",
    "ruleId": "no-unused-vars",
    "severity": 2,
  },
  Object {
    "column": 10,
    "endColumn": 16,
    "endLine": 16,
    "line": 16,
    "message": "'action' is defined but never used.",
    "nodeType": "Identifier",
    "ruleId": "no-unused-vars",
    "severity": 2,
  },
  Object {
    "column": 7,
    "endColumn": 13,
    "endLine": 17,
    "line": 17,
    "message": "'shadow' is already declared in the upper scope.",
    "nodeType": "Identifier",
    "ruleId": "no-shadow",
    "severity": 2,
  },
  Object {
    "column": 5,
    "endColumn": 13,
    "endLine": 24,
    "line": 24,
    "message": "Shadowing of global property 'Infinity'.",
    "nodeType": "Identifier",
    "ruleId": "no-shadow-restricted-names",
    "severity": 2,
  },
  Object {
    "column": 10,
    "endColumn": 13,
    "endLine": 25,
    "line": 25,
    "message": "Shadowing of global property 'NaN'.",
    "nodeType": "Identifier",
    "ruleId": "no-shadow-restricted-names",
    "severity": 2,
  },
  Object {
    "column": 10,
    "endColumn": 13,
    "endLine": 25,
    "line": 25,
    "message": "'NaN' is defined but never used.",
    "nodeType": "Identifier",
    "ruleId": "no-unused-vars",
    "severity": 2,
  },
  Object {
    "column": 1,
    "endColumn": 18,
    "endLine": 31,
    "line": 31,
    "message": "'hasNotBeenDefined' is not defined.",
    "messageId": "undef",
    "nodeType": "Identifier",
    "ruleId": "no-undef",
    "severity": 2,
  },
  Object {
    "column": 5,
    "endColumn": 20,
    "endLine": 35,
    "fix": Object {
      "range": Array [
        358,
        370,
      ],
      "text": "",
    },
    "line": 35,
    "message": "It's not necessary to initialize 'bar' to undefined.",
    "nodeType": "VariableDeclarator",
    "ruleId": "no-undef-init",
    "severity": 2,
  },
  Object {
    "column": 11,
    "endColumn": 20,
    "endLine": 35,
    "line": 35,
    "message": "Unexpected use of undefined.",
    "nodeType": "Identifier",
    "ruleId": "no-undefined",
    "severity": 2,
  },
  Object {
    "column": 13,
    "endColumn": 22,
    "endLine": 39,
    "line": 39,
    "message": "Unexpected use of undefined.",
    "nodeType": "Identifier",
    "ruleId": "no-undefined",
    "severity": 2,
  },
  Object {
    "column": 7,
    "endColumn": 14,
    "endLine": 43,
    "line": 43,
    "message": "'message' was used before it was defined.",
    "nodeType": "Identifier",
    "ruleId": "no-use-before-define",
    "severity": 2,
  },
]
`;

exports[`ESLint variables should pass 1`] = `Array []`;
